..\miniperl.exe -I..\lib ..\make_ext.pl "MAKE=gmake" --dir=..\cpan --dir=..\dist --dir=..\ext lib
gmake[1]: Entering directory 'D:/perl-xp/perl-5.40.3/dist/lib'
gmake[1]: Leaving directory 'D:/perl-xp/perl-5.40.3/dist/lib'
..\miniperl.exe -I..\lib ..\mkppport
ppport.h in cpan/DB_File is up-to-date
ppport.h in cpan/IPC-SysV is up-to-date
ppport.h in cpan/Win32API-File is up-to-date
ppport.h in dist/Data-Dumper is up-to-date
ppport.h in dist/Devel-PPPort is up-to-date
ppport.h in dist/ExtUtils-ParseXS is up-to-date
ppport.h in dist/IO is up-to-date
ppport.h in dist/PathTools is up-to-date
ppport.h in dist/Storable is up-to-date
ppport.h in dist/threads is up-to-date
ppport.h in dist/threads-shared is up-to-date
ppport.h in dist/Time-HiRes is up-to-date
ppport.h in dist/Unicode-Normalize is up-to-date
..\miniperl.exe -I..\lib ..\make_ext.pl "MAKE=gmake" --dir=..\cpan --dir=..\dist --dir=..\ext --dynamic !Unicode/Normalize
Skipping extension Unicode/Normalize, not ported to current platform at ..\make_ext.pl line 194.
gmake[1]: Entering directory 'D:/perl-xp/perl-5.40.3/dist/PathTools'
"D:\perl-xp\perl-5.40.3\miniperl.exe" "-I..\..\lib" -MExtUtils::Command::MM -e cp_nonempty -- Cwd.bs ..\..\lib\auto\Cwd\Cwd.bs 644
gmake[1]: Leaving directory 'D:/perl-xp/perl-5.40.3/dist/PathTools'
gmake[1]: Entering directory 'D:/perl-xp/perl-5.40.3/ext/B'
"D:\perl-xp\perl-5.40.3\miniperl.exe" "-I..\..\lib" -MExtUtils::Command::MM -e cp_nonempty -- B.bs ..\..\lib\auto\B\B.bs 644
gmake[1]: Leaving directory 'D:/perl-xp/perl-5.40.3/ext/B'
gmake[1]: Entering directory 'D:/perl-xp/perl-5.40.3/cpan/Compress-Raw-Bzip2'
"D:\perl-xp\perl-5.40.3\miniperl.exe" "-I..\..\lib" -MExtUtils::Command::MM -e cp_nonempty -- Bzip2.bs ..\..\lib\auto\Compress\Raw\Bzip2\Bzip2.bs 644
gmake[1]: Leaving directory 'D:/perl-xp/perl-5.40.3/cpan/Compress-Raw-Bzip2'
gmake[1]: Entering directory 'D:/perl-xp/perl-5.40.3/cpan/Compress-Raw-Zlib'
"D:\perl-xp\perl-5.40.3\miniperl.exe" "-I..\..\lib" -MExtUtils::Command::MM -e cp_nonempty -- Zlib.bs ..\..\lib\auto\Compress\Raw\Zlib\Zlib.bs 644
gmake[1]: Leaving directory 'D:/perl-xp/perl-5.40.3/cpan/Compress-Raw-Zlib'
gmake[1]: Entering directory 'D:/perl-xp/perl-5.40.3/dist/Data-Dumper'
"D:\perl-xp\perl-5.40.3\miniperl.exe" "-I..\..\lib" -MExtUtils::Command::MM -e cp_nonempty -- Dumper.bs ..\..\lib\auto\Data\Dumper\Dumper.bs 644
gmake[1]: Leaving directory 'D:/perl-xp/perl-5.40.3/dist/Data-Dumper'
gmake[1]: Entering directory 'D:/perl-xp/perl-5.40.3/dist/Devel-PPPort'
"D:\perl-xp\perl-5.40.3\miniperl.exe" "-I..\..\lib" -MExtUtils::Command::MM -e cp_nonempty -- PPPort.bs ..\..\lib\auto\Devel\PPPort\PPPort.bs 644
gmake[1]: Leaving directory 'D:/perl-xp/perl-5.40.3/dist/Devel-PPPort'
gmake[1]: Entering directory 'D:/perl-xp/perl-5.40.3/ext/Devel-Peek'
"D:\perl-xp\perl-5.40.3\miniperl.exe" "-I..\..\lib" -MExtUtils::Command::MM -e cp_nonempty -- Peek.bs ..\..\lib\auto\Devel\Peek\Peek.bs 644
gmake[1]: Leaving directory 'D:/perl-xp/perl-5.40.3/ext/Devel-Peek'
gmake[1]: Entering directory 'D:/perl-xp/perl-5.40.3/cpan/Digest-MD5'
"D:\perl-xp\perl-5.40.3\miniperl.exe" "-I..\..\lib" -MExtUtils::Command::MM -e cp_nonempty -- MD5.bs ..\..\lib\auto\Digest\MD5\MD5.bs 644
gmake[1]: Leaving directory 'D:/perl-xp/perl-5.40.3/cpan/Digest-MD5'
gmake[1]: Entering directory 'D:/perl-xp/perl-5.40.3/cpan/Digest-SHA'
"D:\perl-xp\perl-5.40.3\miniperl.exe" "-I..\..\lib" -MExtUtils::Command::MM -e cp_nonempty -- SHA.bs ..\..\lib\auto\Digest\SHA\SHA.bs 644
gmake[1]: Leaving directory 'D:/perl-xp/perl-5.40.3/cpan/Digest-SHA'
gmake[1]: Entering directory 'D:/perl-xp/perl-5.40.3/cpan/Encode'
gmake[2]: Entering directory 'D:/perl-xp/perl-5.40.3/cpan/Encode/Byte'
"D:\perl-xp\perl-5.40.3\miniperl.exe" "-I..\..\..\lib" -MExtUtils::Command::MM -e cp_nonempty -- Byte.bs ..\..\..\lib\auto\Encode\Byte\Byte.bs 644
gmake[2]: Leaving directory 'D:/perl-xp/perl-5.40.3/cpan/Encode/Byte'
gmake[2]: Entering directory 'D:/perl-xp/perl-5.40.3/cpan/Encode/CN'
"D:\perl-xp\perl-5.40.3\miniperl.exe" "-I..\..\..\lib" -MExtUtils::Command::MM -e cp_nonempty -- CN.bs ..\..\..\lib\auto\Encode\CN\CN.bs 644
gmake[2]: Leaving directory 'D:/perl-xp/perl-5.40.3/cpan/Encode/CN'
gmake[2]: Entering directory 'D:/perl-xp/perl-5.40.3/cpan/Encode/EBCDIC'
"D:\perl-xp\perl-5.40.3\miniperl.exe" "-I..\..\..\lib" -MExtUtils::Command::MM -e cp_nonempty -- EBCDIC.bs ..\..\..\lib\auto\Encode\EBCDIC\EBCDIC.bs 644
gmake[2]: Leaving directory 'D:/perl-xp/perl-5.40.3/cpan/Encode/EBCDIC'
gmake[2]: Entering directory 'D:/perl-xp/perl-5.40.3/cpan/Encode/JP'
"D:\perl-xp\perl-5.40.3\miniperl.exe" "-I..\..\..\lib" -MExtUtils::Command::MM -e cp_nonempty -- JP.bs ..\..\..\lib\auto\Encode\JP\JP.bs 644
gmake[2]: Leaving directory 'D:/perl-xp/perl-5.40.3/cpan/Encode/JP'
gmake[2]: Entering directory 'D:/perl-xp/perl-5.40.3/cpan/Encode/KR'
"D:\perl-xp\perl-5.40.3\miniperl.exe" "-I..\..\..\lib" -MExtUtils::Command::MM -e cp_nonempty -- KR.bs ..\..\..\lib\auto\Encode\KR\KR.bs 644
gmake[2]: Leaving directory 'D:/perl-xp/perl-5.40.3/cpan/Encode/KR'
gmake[2]: Entering directory 'D:/perl-xp/perl-5.40.3/cpan/Encode/Symbol'
"D:\perl-xp\perl-5.40.3\miniperl.exe" "-I..\..\..\lib" -MExtUtils::Command::MM -e cp_nonempty -- Symbol.bs ..\..\..\lib\auto\Encode\Symbol\Symbol.bs 644
gmake[2]: Leaving directory 'D:/perl-xp/perl-5.40.3/cpan/Encode/Symbol'
gmake[2]: Entering directory 'D:/perl-xp/perl-5.40.3/cpan/Encode/TW'
"D:\perl-xp\perl-5.40.3\miniperl.exe" "-I..\..\..\lib" -MExtUtils::Command::MM -e cp_nonempty -- TW.bs ..\..\..\lib\auto\Encode\TW\TW.bs 644
gmake[2]: Leaving directory 'D:/perl-xp/perl-5.40.3/cpan/Encode/TW'
gmake[2]: Entering directory 'D:/perl-xp/perl-5.40.3/cpan/Encode/Unicode'
"D:\perl-xp\perl-5.40.3\miniperl.exe" "-I..\..\..\lib" -MExtUtils::Command::MM -e cp_nonempty -- Unicode.bs ..\..\..\lib\auto\Encode\Unicode\Unicode.bs 644
gmake[2]: Leaving directory 'D:/perl-xp/perl-5.40.3/cpan/Encode/Unicode'
"D:\perl-xp\perl-5.40.3\miniperl.exe" "-I..\..\lib" -MExtUtils::Command::MM -e cp_nonempty -- Encode.bs ..\..\lib\auto\Encode\Encode.bs 644
gmake[1]: Leaving directory 'D:/perl-xp/perl-5.40.3/cpan/Encode'
gmake[1]: Entering directory 'D:/perl-xp/perl-5.40.3/ext/Fcntl'
"D:\perl-xp\perl-5.40.3\miniperl.exe" "-I..\..\lib" -MExtUtils::Command::MM -e cp_nonempty -- Fcntl.bs ..\..\lib\auto\Fcntl\Fcntl.bs 644
gmake[1]: Leaving directory 'D:/perl-xp/perl-5.40.3/ext/Fcntl'
gmake[1]: Entering directory 'D:/perl-xp/perl-5.40.3/ext/File-DosGlob'
"D:\perl-xp\perl-5.40.3\miniperl.exe" "-I..\..\lib" -MExtUtils::Command::MM -e cp_nonempty -- DosGlob.bs ..\..\lib\auto\File\DosGlob\DosGlob.bs 644
gmake[1]: Leaving directory 'D:/perl-xp/perl-5.40.3/ext/File-DosGlob'
gmake[1]: Entering directory 'D:/perl-xp/perl-5.40.3/ext/File-Glob'
"D:\perl-xp\perl-5.40.3\miniperl.exe" "-I..\..\lib" -MExtUtils::Command::MM -e cp_nonempty -- Glob.bs ..\..\lib\auto\File\Glob\Glob.bs 644
gmake[1]: Leaving directory 'D:/perl-xp/perl-5.40.3/ext/File-Glob'
gmake[1]: Entering directory 'D:/perl-xp/perl-5.40.3/cpan/Filter-Util-Call'
"D:\perl-xp\perl-5.40.3\miniperl.exe" "-I..\..\lib" -MExtUtils::Command::MM -e cp_nonempty -- Call.bs ..\..\lib\auto\Filter\Util\Call\Call.bs 644
gmake[1]: Leaving directory 'D:/perl-xp/perl-5.40.3/cpan/Filter-Util-Call'
gmake[1]: Entering directory 'D:/perl-xp/perl-5.40.3/ext/Hash-Util'
"D:\perl-xp\perl-5.40.3\miniperl.exe" "-I..\..\lib" -MExtUtils::Command::MM -e cp_nonempty -- Util.bs ..\..\lib\auto\Hash\Util\Util.bs 644
gmake[1]: Leaving directory 'D:/perl-xp/perl-5.40.3/ext/Hash-Util'
gmake[1]: Entering directory 'D:/perl-xp/perl-5.40.3/ext/Hash-Util-FieldHash'
"D:\perl-xp\perl-5.40.3\miniperl.exe" "-I..\..\lib" -MExtUtils::Command::MM -e cp_nonempty -- FieldHash.bs ..\..\lib\auto\Hash\Util\FieldHash\FieldHash.bs 644
gmake[1]: Leaving directory 'D:/perl-xp/perl-5.40.3/ext/Hash-Util-FieldHash'
gmake[1]: Entering directory 'D:/perl-xp/perl-5.40.3/ext/I18N-Langinfo'
"D:\perl-xp\perl-5.40.3\miniperl.exe" "-I..\..\lib" -MExtUtils::Command::MM -e cp_nonempty -- Langinfo.bs ..\..\lib\auto\I18N\Langinfo\Langinfo.bs 644
gmake[1]: Leaving directory 'D:/perl-xp/perl-5.40.3/ext/I18N-Langinfo'
gmake[1]: Entering directory 'D:/perl-xp/perl-5.40.3/dist/IO'
"D:\perl-xp\perl-5.40.3\miniperl.exe" "-I..\..\lib" -MExtUtils::Command::MM -e cp_nonempty -- IO.bs ..\..\lib\auto\IO\IO.bs 644
gmake[1]: Leaving directory 'D:/perl-xp/perl-5.40.3/dist/IO'
gmake[1]: Entering directory 'D:/perl-xp/perl-5.40.3/cpan/Scalar-List-Utils'
"D:\perl-xp\perl-5.40.3\miniperl.exe" "-I..\..\lib" -MExtUtils::Command::MM -e cp_nonempty -- Util.bs ..\..\lib\auto\List\Util\Util.bs 644
gmake[1]: Leaving directory 'D:/perl-xp/perl-5.40.3/cpan/Scalar-List-Utils'
gmake[1]: Entering directory 'D:/perl-xp/perl-5.40.3/cpan/MIME-Base64'
"D:\perl-xp\perl-5.40.3\miniperl.exe" "-I..\..\lib" -MExtUtils::Command::MM -e cp_nonempty -- Base64.bs ..\..\lib\auto\MIME\Base64\Base64.bs 644
gmake[1]: Leaving directory 'D:/perl-xp/perl-5.40.3/cpan/MIME-Base64'
gmake[1]: Entering directory 'D:/perl-xp/perl-5.40.3/cpan/Math-BigInt-FastCalc'
"D:\perl-xp\perl-5.40.3\miniperl.exe" "-I..\..\lib" -MExtUtils::Command::MM -e cp_nonempty -- FastCalc.bs ..\..\lib\auto\Math\BigInt\FastCalc\FastCalc.bs 644
gmake[1]: Leaving directory 'D:/perl-xp/perl-5.40.3/cpan/Math-BigInt-FastCalc'
gmake[1]: Entering directory 'D:/perl-xp/perl-5.40.3/ext/Opcode'
"D:\perl-xp\perl-5.40.3\miniperl.exe" "-I..\..\lib" -MExtUtils::Command::MM -e cp_nonempty -- Opcode.bs ..\..\lib\auto\Opcode\Opcode.bs 644
gmake[1]: Leaving directory 'D:/perl-xp/perl-5.40.3/ext/Opcode'
Generating a gmake-style Makefile
Writing Makefile for POSIX
gmake[1]: Entering directory 'D:/perl-xp/perl-5.40.3/ext/POSIX'
Running Mkbootstrap for POSIX ()
"D:\perl-xp\perl-5.40.3\miniperl.exe" "-I..\..\lib" -MExtUtils::Command -e chmod -- 644 "POSIX.bs"
"D:\perl-xp\perl-5.40.3\miniperl.exe" "-I..\..\lib" -MExtUtils::Command::MM -e cp_nonempty -- POSIX.bs ..\..\lib\auto\POSIX\POSIX.bs 644
"D:\perl-xp\perl-5.40.3\miniperl.exe" "-I..\..\lib" "D:\perl-xp\perl-5.40.3\dist\ExtUtils-ParseXS\lib\ExtUtils/xsubpp" -noprototypes -typemap D:\perl-xp\perl-5.40.3\lib\ExtUtils\typemap -typemap D:\perl-xp\perl-5.40.3\ext\POSIX\typemap  POSIX.xs > POSIX.xsc
"D:\perl-xp\perl-5.40.3\miniperl.exe" "-I..\..\lib" -MExtUtils::Command -e mv -- POSIX.xsc POSIX.c
gcc -c   -D_WIN32_WINNT=0x0501 -DWINVER=0x0501 -D_WIN32_WINDOWS=0x0501 -march=pentium4 -DWIN32 -DPERL_TEXTMODE_SCRIPTS -DMULTIPLICITY -DPERL_IMPLICIT_SYS -DUSE_PERLIO -D__USE_MINGW_ANSI_STDIO -fwrapv -fno-strict-aliasing -mms-bitfields -Os   -DVERSION=\"2.20\" -DXS_VERSION=\"2.20\"  "-I..\..\lib\CORE"   POSIX.c
In file included from POSIX.xs:21:
..\..\lib\CORE/inline.h: In function 'Perl_is_utf8_invariant_string_loc':
..\..\lib\CORE/perl.h:2524:25: warning: cast from pointer to integer of different size [-Wpointer-to-int-cast]
 2524 | #define PTR2nat(p)      (PTRV)(p)       /* pointer to integer of PTRSIZE */
      |                         ^
..\..\lib\CORE/inline.h:1370:48: note: in expansion of macro 'PTR2nat'
 1370 | #  define PERL_IS_SUBWORD_ADDR(x) (1 & (       PTR2nat(x)                     \
      |                                                ^~~~~~~
..\..\lib\CORE/inline.h:1384:45: note: in expansion of macro 'PERL_IS_SUBWORD_ADDR'
 1384 |                           + PERL_WORDSIZE * PERL_IS_SUBWORD_ADDR(x)
      |                                             ^~~~~~~~~~~~~~~~~~~~
..\..\lib\CORE/perl.h:2524:25: warning: cast from pointer to integer of different size [-Wpointer-to-int-cast]
 2524 | #define PTR2nat(p)      (PTRV)(p)       /* pointer to integer of PTRSIZE */
      |                         ^
..\..\lib\CORE/inline.h:1371:46: note: in expansion of macro 'PTR2nat'
 1371 |                                       |   (  PTR2nat(x) >> 1)                 \
      |                                              ^~~~~~~
..\..\lib\CORE/inline.h:1384:45: note: in expansion of macro 'PERL_IS_SUBWORD_ADDR'
 1384 |                           + PERL_WORDSIZE * PERL_IS_SUBWORD_ADDR(x)
      |                                             ^~~~~~~~~~~~~~~~~~~~
..\..\lib\CORE/perl.h:2524:25: warning: cast from pointer to integer of different size [-Wpointer-to-int-cast]
 2524 | #define PTR2nat(p)      (PTRV)(p)       /* pointer to integer of PTRSIZE */
      |                         ^
..\..\lib\CORE/inline.h:1372:46: note: in expansion of macro 'PTR2nat'
 1372 |                                       | ( ( (PTR2nat(x)                       \
      |                                              ^~~~~~~
..\..\lib\CORE/inline.h:1384:45: note: in expansion of macro 'PERL_IS_SUBWORD_ADDR'
 1384 |                           + PERL_WORDSIZE * PERL_IS_SUBWORD_ADDR(x)
      |                                             ^~~~~~~~~~~~~~~~~~~~
..\..\lib\CORE/perl.h:2524:25: warning: cast from pointer to integer of different size [-Wpointer-to-int-cast]
 2524 | #define PTR2nat(p)      (PTRV)(p)       /* pointer to integer of PTRSIZE */
      |                         ^
..\..\lib\CORE/inline.h:1387:30: note: in expansion of macro 'PTR2nat'
 1387 |                           - (PTR2nat(x) & PERL_WORD_BOUNDARY_MASK))
      |                              ^~~~~~~
..\..\lib\CORE/perl.h:2524:25: warning: cast from pointer to integer of different size [-Wpointer-to-int-cast]
 2524 | #define PTR2nat(p)      (PTRV)(p)       /* pointer to integer of PTRSIZE */
      |                         ^
..\..\lib\CORE/inline.h:1392:16: note: in expansion of macro 'PTR2nat'
 1392 |         while (PTR2nat(x) & PERL_WORD_BOUNDARY_MASK) {
      |                ^~~~~~~
..\..\lib\CORE/inline.h: In function 'S_variant_under_utf8_count':
..\..\lib\CORE/perl.h:2524:25: warning: cast from pointer to integer of different size [-Wpointer-to-int-cast]
 2524 | #define PTR2nat(p)      (PTRV)(p)       /* pointer to integer of PTRSIZE */
      |                         ^
..\..\lib\CORE/inline.h:1370:48: note: in expansion of macro 'PTR2nat'
 1370 | #  define PERL_IS_SUBWORD_ADDR(x) (1 & (       PTR2nat(x)                     \
      |                                                ^~~~~~~
..\..\lib\CORE/inline.h:1921:45: note: in expansion of macro 'PERL_IS_SUBWORD_ADDR'
 1921 |                           + PERL_WORDSIZE * PERL_IS_SUBWORD_ADDR(x)
      |                                             ^~~~~~~~~~~~~~~~~~~~
..\..\lib\CORE/perl.h:2524:25: warning: cast from pointer to integer of different size [-Wpointer-to-int-cast]
 2524 | #define PTR2nat(p)      (PTRV)(p)       /* pointer to integer of PTRSIZE */
      |                         ^
..\..\lib\CORE/inline.h:1371:46: note: in expansion of macro 'PTR2nat'
 1371 |                                       |   (  PTR2nat(x) >> 1)                 \
      |                                              ^~~~~~~
..\..\lib\CORE/inline.h:1921:45: note: in expansion of macro 'PERL_IS_SUBWORD_ADDR'
 1921 |                           + PERL_WORDSIZE * PERL_IS_SUBWORD_ADDR(x)
      |                                             ^~~~~~~~~~~~~~~~~~~~
..\..\lib\CORE/perl.h:2524:25: warning: cast from pointer to integer of different size [-Wpointer-to-int-cast]
 2524 | #define PTR2nat(p)      (PTRV)(p)       /* pointer to integer of PTRSIZE */
      |                         ^
..\..\lib\CORE/inline.h:1372:46: note: in expansion of macro 'PTR2nat'
 1372 |                                       | ( ( (PTR2nat(x)                       \
      |                                              ^~~~~~~
..\..\lib\CORE/inline.h:1921:45: note: in expansion of macro 'PERL_IS_SUBWORD_ADDR'
 1921 |                           + PERL_WORDSIZE * PERL_IS_SUBWORD_ADDR(x)
      |                                             ^~~~~~~~~~~~~~~~~~~~
..\..\lib\CORE/perl.h:2524:25: warning: cast from pointer to integer of different size [-Wpointer-to-int-cast]
 2524 | #define PTR2nat(p)      (PTRV)(p)       /* pointer to integer of PTRSIZE */
      |                         ^
..\..\lib\CORE/inline.h:1922:30: note: in expansion of macro 'PTR2nat'
 1922 |                           - (PTR2nat(x) & PERL_WORD_BOUNDARY_MASK))
      |                              ^~~~~~~
..\..\lib\CORE/perl.h:2524:25: warning: cast from pointer to integer of different size [-Wpointer-to-int-cast]
 2524 | #define PTR2nat(p)      (PTRV)(p)       /* pointer to integer of PTRSIZE */
      |                         ^
..\..\lib\CORE/inline.h:1927:16: note: in expansion of macro 'PTR2nat'
 1927 |         while (PTR2nat(x) & PERL_WORD_BOUNDARY_MASK) {
      |                ^~~~~~~
In file included from POSIX.xs:22:
..\..\lib\CORE/XSUB.h: At top level:
..\..\lib\CORE/XSUB.h:528:13: warning: 'putenv' redefined
  528 | #    define putenv              PerlEnv_putenv
      |             ^~~~~~
POSIX.xs:2:9: note: this is the location of the previous definition
    2 | #define putenv _putenv
      |         ^~~~~~
POSIX.xs: In function 'fix_win32_tzenv':
POSIX.xs:1735:13: error: implicit declaration of function 'putenv'; did you mean '_putenv'? [-Wimplicit-function-declaration]
 1735 |             putenv(newenv);
      |             ^~~~~~
      |             _putenv
./const-xs.inc: In function 'boot_POSIX':
..\..\lib\CORE/perl.h:2496:33: warning: cast from pointer to integer of different size [-Wpointer-to-int-cast]
 2496 | #  define INT2PTR(any,d)        (any)(d)
      |                                 ^
..\..\lib\CORE/perl.h:2521:25: note: in expansion of macro 'INT2PTR'
 2521 | #define PTR2IV(p)       INT2PTR(IV,p)
      |                         ^~~~~~~
./const-xs.inc:1566:21: note: in expansion of macro 'PTR2IV'
 1566 |             temp0 = PTR2IV(SIG_DFL);
      |                     ^~~~~~
..\..\lib\CORE/perl.h:2496:33: warning: cast from pointer to integer of different size [-Wpointer-to-int-cast]
 2496 | #  define INT2PTR(any,d)        (any)(d)
      |                                 ^
..\..\lib\CORE/perl.h:2521:25: note: in expansion of macro 'INT2PTR'
 2521 | #define PTR2IV(p)       INT2PTR(IV,p)
      |                         ^~~~~~~
./const-xs.inc:1574:21: note: in expansion of macro 'PTR2IV'
 1574 |             temp0 = PTR2IV(SIG_ERR);
      |                     ^~~~~~
..\..\lib\CORE/perl.h:2496:33: warning: cast from pointer to integer of different size [-Wpointer-to-int-cast]
 2496 | #  define INT2PTR(any,d)        (any)(d)
      |                                 ^
..\..\lib\CORE/perl.h:2521:25: note: in expansion of macro 'INT2PTR'
 2521 | #define PTR2IV(p)       INT2PTR(IV,p)
      |                         ^~~~~~~
./const-xs.inc:1582:21: note: in expansion of macro 'PTR2IV'
 1582 |             temp0 = PTR2IV(SIG_IGN);
      |                     ^~~~~~
gmake[1]: *** [Makefile:335: POSIX.o] Error 1
gmake[1]: Leaving directory 'D:/perl-xp/perl-5.40.3/ext/POSIX'
gmake[1]: Entering directory 'D:/perl-xp/perl-5.40.3/ext/POSIX'
"D:\perl-xp\perl-5.40.3\miniperl.exe" "-I..\..\lib" -MExtUtils::Command::MM -e cp_nonempty -- POSIX.bs ..\..\lib\auto\POSIX\POSIX.bs 644
gcc -c   -D_WIN32_WINNT=0x0501 -DWINVER=0x0501 -D_WIN32_WINDOWS=0x0501 -march=pentium4 -DWIN32 -DPERL_TEXTMODE_SCRIPTS -DMULTIPLICITY -DPERL_IMPLICIT_SYS -DUSE_PERLIO -D__USE_MINGW_ANSI_STDIO -fwrapv -fno-strict-aliasing -mms-bitfields -Os   -DVERSION=\"2.20\" -DXS_VERSION=\"2.20\"  "-I..\..\lib\CORE"   POSIX.c
In file included from POSIX.xs:21:
..\..\lib\CORE/inline.h: In function 'Perl_is_utf8_invariant_string_loc':
..\..\lib\CORE/perl.h:2524:25: warning: cast from pointer to integer of different size [-Wpointer-to-int-cast]
 2524 | #define PTR2nat(p)      (PTRV)(p)       /* pointer to integer of PTRSIZE */
      |                         ^
..\..\lib\CORE/inline.h:1370:48: note: in expansion of macro 'PTR2nat'
 1370 | #  define PERL_IS_SUBWORD_ADDR(x) (1 & (       PTR2nat(x)                     \
      |                                                ^~~~~~~
..\..\lib\CORE/inline.h:1384:45: note: in expansion of macro 'PERL_IS_SUBWORD_ADDR'
 1384 |                           + PERL_WORDSIZE * PERL_IS_SUBWORD_ADDR(x)
      |                                             ^~~~~~~~~~~~~~~~~~~~
..\..\lib\CORE/perl.h:2524:25: warning: cast from pointer to integer of different size [-Wpointer-to-int-cast]
 2524 | #define PTR2nat(p)      (PTRV)(p)       /* pointer to integer of PTRSIZE */
      |                         ^
..\..\lib\CORE/inline.h:1371:46: note: in expansion of macro 'PTR2nat'
 1371 |                                       |   (  PTR2nat(x) >> 1)                 \
      |                                              ^~~~~~~
..\..\lib\CORE/inline.h:1384:45: note: in expansion of macro 'PERL_IS_SUBWORD_ADDR'
 1384 |                           + PERL_WORDSIZE * PERL_IS_SUBWORD_ADDR(x)
      |                                             ^~~~~~~~~~~~~~~~~~~~
..\..\lib\CORE/perl.h:2524:25: warning: cast from pointer to integer of different size [-Wpointer-to-int-cast]
 2524 | #define PTR2nat(p)      (PTRV)(p)       /* pointer to integer of PTRSIZE */
      |                         ^
..\..\lib\CORE/inline.h:1372:46: note: in expansion of macro 'PTR2nat'
 1372 |                                       | ( ( (PTR2nat(x)                       \
      |                                              ^~~~~~~
..\..\lib\CORE/inline.h:1384:45: note: in expansion of macro 'PERL_IS_SUBWORD_ADDR'
 1384 |                           + PERL_WORDSIZE * PERL_IS_SUBWORD_ADDR(x)
      |                                             ^~~~~~~~~~~~~~~~~~~~
..\..\lib\CORE/perl.h:2524:25: warning: cast from pointer to integer of different size [-Wpointer-to-int-cast]
 2524 | #define PTR2nat(p)      (PTRV)(p)       /* pointer to integer of PTRSIZE */
      |                         ^
..\..\lib\CORE/inline.h:1387:30: note: in expansion of macro 'PTR2nat'
 1387 |                           - (PTR2nat(x) & PERL_WORD_BOUNDARY_MASK))
      |                              ^~~~~~~
..\..\lib\CORE/perl.h:2524:25: warning: cast from pointer to integer of different size [-Wpointer-to-int-cast]
 2524 | #define PTR2nat(p)      (PTRV)(p)       /* pointer to integer of PTRSIZE */
      |                         ^
..\..\lib\CORE/inline.h:1392:16: note: in expansion of macro 'PTR2nat'
 1392 |         while (PTR2nat(x) & PERL_WORD_BOUNDARY_MASK) {
      |                ^~~~~~~
..\..\lib\CORE/inline.h: In function 'S_variant_under_utf8_count':
..\..\lib\CORE/perl.h:2524:25: warning: cast from pointer to integer of different size [-Wpointer-to-int-cast]
 2524 | #define PTR2nat(p)      (PTRV)(p)       /* pointer to integer of PTRSIZE */
      |                         ^
..\..\lib\CORE/inline.h:1370:48: note: in expansion of macro 'PTR2nat'
 1370 | #  define PERL_IS_SUBWORD_ADDR(x) (1 & (       PTR2nat(x)                     \
      |                                                ^~~~~~~
..\..\lib\CORE/inline.h:1921:45: note: in expansion of macro 'PERL_IS_SUBWORD_ADDR'
 1921 |                           + PERL_WORDSIZE * PERL_IS_SUBWORD_ADDR(x)
      |                                             ^~~~~~~~~~~~~~~~~~~~
..\..\lib\CORE/perl.h:2524:25: warning: cast from pointer to integer of different size [-Wpointer-to-int-cast]
 2524 | #define PTR2nat(p)      (PTRV)(p)       /* pointer to integer of PTRSIZE */
      |                         ^
..\..\lib\CORE/inline.h:1371:46: note: in expansion of macro 'PTR2nat'
 1371 |                                       |   (  PTR2nat(x) >> 1)                 \
      |                                              ^~~~~~~
..\..\lib\CORE/inline.h:1921:45: note: in expansion of macro 'PERL_IS_SUBWORD_ADDR'
 1921 |                           + PERL_WORDSIZE * PERL_IS_SUBWORD_ADDR(x)
      |                                             ^~~~~~~~~~~~~~~~~~~~
..\..\lib\CORE/perl.h:2524:25: warning: cast from pointer to integer of different size [-Wpointer-to-int-cast]
 2524 | #define PTR2nat(p)      (PTRV)(p)       /* pointer to integer of PTRSIZE */
      |                         ^
..\..\lib\CORE/inline.h:1372:46: note: in expansion of macro 'PTR2nat'
 1372 |                                       | ( ( (PTR2nat(x)                       \
      |                                              ^~~~~~~
..\..\lib\CORE/inline.h:1921:45: note: in expansion of macro 'PERL_IS_SUBWORD_ADDR'
 1921 |                           + PERL_WORDSIZE * PERL_IS_SUBWORD_ADDR(x)
      |                                             ^~~~~~~~~~~~~~~~~~~~
..\..\lib\CORE/perl.h:2524:25: warning: cast from pointer to integer of different size [-Wpointer-to-int-cast]
 2524 | #define PTR2nat(p)      (PTRV)(p)       /* pointer to integer of PTRSIZE */
      |                         ^
..\..\lib\CORE/inline.h:1922:30: note: in expansion of macro 'PTR2nat'
 1922 |                           - (PTR2nat(x) & PERL_WORD_BOUNDARY_MASK))
      |                              ^~~~~~~
..\..\lib\CORE/perl.h:2524:25: warning: cast from pointer to integer of different size [-Wpointer-to-int-cast]
 2524 | #define PTR2nat(p)      (PTRV)(p)       /* pointer to integer of PTRSIZE */
      |                         ^
..\..\lib\CORE/inline.h:1927:16: note: in expansion of macro 'PTR2nat'
 1927 |         while (PTR2nat(x) & PERL_WORD_BOUNDARY_MASK) {
      |                ^~~~~~~
In file included from POSIX.xs:22:
..\..\lib\CORE/XSUB.h: At top level:
..\..\lib\CORE/XSUB.h:528:13: warning: 'putenv' redefined
  528 | #    define putenv              PerlEnv_putenv
      |             ^~~~~~
POSIX.xs:2:9: note: this is the location of the previous definition
    2 | #define putenv _putenv
      |         ^~~~~~
POSIX.xs: In function 'fix_win32_tzenv':
POSIX.xs:1735:13: error: implicit declaration of function 'putenv'; did you mean '_putenv'? [-Wimplicit-function-declaration]
 1735 |             putenv(newenv);
      |             ^~~~~~
      |             _putenv
./const-xs.inc: In function 'boot_POSIX':
..\..\lib\CORE/perl.h:2496:33: warning: cast from pointer to integer of different size [-Wpointer-to-int-cast]
 2496 | #  define INT2PTR(any,d)        (any)(d)
      |                                 ^
..\..\lib\CORE/perl.h:2521:25: note: in expansion of macro 'INT2PTR'
 2521 | #define PTR2IV(p)       INT2PTR(IV,p)
      |                         ^~~~~~~
./const-xs.inc:1566:21: note: in expansion of macro 'PTR2IV'
 1566 |             temp0 = PTR2IV(SIG_DFL);
      |                     ^~~~~~
..\..\lib\CORE/perl.h:2496:33: warning: cast from pointer to integer of different size [-Wpointer-to-int-cast]
 2496 | #  define INT2PTR(any,d)        (any)(d)
      |                                 ^
..\..\lib\CORE/perl.h:2521:25: note: in expansion of macro 'INT2PTR'
 2521 | #define PTR2IV(p)       INT2PTR(IV,p)
      |                         ^~~~~~~
./const-xs.inc:1574:21: note: in expansion of macro 'PTR2IV'
 1574 |             temp0 = PTR2IV(SIG_ERR);
      |                     ^~~~~~
..\..\lib\CORE/perl.h:2496:33: warning: cast from pointer to integer of different size [-Wpointer-to-int-cast]
 2496 | #  define INT2PTR(any,d)        (any)(d)
      |                                 ^
..\..\lib\CORE/perl.h:2521:25: note: in expansion of macro 'INT2PTR'
 2521 | #define PTR2IV(p)       INT2PTR(IV,p)
      |                         ^~~~~~~
./const-xs.inc:1582:21: note: in expansion of macro 'PTR2IV'
 1582 |             temp0 = PTR2IV(SIG_IGN);
      |                     ^~~~~~
gmake[1]: *** [Makefile:335: POSIX.o] Error 1
gmake[1]: Leaving directory 'D:/perl-xp/perl-5.40.3/ext/POSIX'
Unsuccessful make(ext/POSIX): code=512 at ..\make_ext.pl line 584.
make: *** [GNUmakefile:1561: Extensions] Error 2
