=========================================
=== Step 0: Check config.h ===
=========================================
USE_ITHREADS: OK (undefined)
/* #define MULTIPLICITY */
*** WARNING: MULTIPLICITY still defined ***
PERL_IMPLICIT_SYS: OK (undefined)

=========================================
=== Step 1: Compile core .c files ===
=========================================
  Compiling av.c ...
  Compiling builtin.c ...
  Compiling caretx.c ...
  Compiling class.c ...
  Compiling deb.c ...
  Compiling doio.c ...
  Compiling doop.c ...
  Compiling dquote.c ...
  Compiling dump.c ...
  Compiling gv.c ...
  Compiling hv.c ...
  Compiling keywords.c ...
  Compiling locale.c ...
  Compiling mathoms.c ...
  Compiling mg.c ...
  Compiling mro_core.c ...
  Compiling numeric.c ...
  Compiling op.c ...
  Compiling pad.c ...
  Compiling perl.c ...
  Compiling perly.c ...
  Compiling pp.c ...
  Compiling pp_ctl.c ...
  Compiling pp_hot.c ...
  Compiling pp_pack.c ...
  Compiling pp_sort.c ...
  Compiling pp_sys.c ...
  Compiling reentr.c ...
  Compiling regcomp.c ...
  Compiling regcomp_trie.c ...
  Compiling regexec.c ...
  Compiling run.c ...
  Compiling scope.c ...
  Compiling sv.c ...
  Compiling taint.c ...
  Compiling toke.c ...
  Compiling universal.c ...
  Compiling utf8.c ...
  Compiling util.c ...
Core .o files done
47

=========================================
=== Step 2: Compile win32/*.c ===
=========================================
  Compiling win32/win32.c ...
win32.c:523:1: warning: 'Perl_my_popen' redeclared without dllimport attribute: previous dllimport ignored [-Wattributes]
  523 | Perl_my_popen(pTHX_ const char *cmd, const char *mode)
      | ^~~~~~~~~~~~~
win32.c:530:1: warning: 'Perl_my_pclose' redeclared without dllimport attribute: previous dllimport ignored [-Wattributes]
  530 | Perl_my_pclose(pTHX_ PerlIO *fp)
      | ^~~~~~~~~~~~~~
win32.c:673:1: warning: 'Perl_do_aspawn' redeclared without dllimport attribute: previous dllimport ignored [-Wattributes]
  673 | Perl_do_aspawn(pTHX_ SV *really, SV **mark, SV **sp)
      | ^~~~~~~~~~~~~~
win32.c:861:1: warning: 'Perl_do_spawn' redeclared without dllimport attribute: previous dllimport ignored [-Wattributes]
  861 | Perl_do_spawn(pTHX_ char *cmd)
      | ^~~~~~~~~~~~~
win32.c:869:1: warning: 'Perl_do_spawn_nowait' redeclared without dllimport attribute: previous dllimport ignored [-Wattributes]
  869 | Perl_do_spawn_nowait(pTHX_ char *cmd)
      | ^~~~~~~~~~~~~~~~~~~~
win32.c:877:1: warning: 'Perl_do_exec' redeclared without dllimport attribute: previous dllimport ignored [-Wattributes]
  877 | Perl_do_exec(pTHX_ const char *cmd)
      | ^~~~~~~~~~~~
win32.c:2241:1: warning: 'win32_croak_not_implemented' redeclared without dllimport attribute: previous dllimport ignored [-Wattributes]
 2241 | win32_croak_not_implemented(const char * fname)
      | ^~~~~~~~~~~~~~~~~~~~~~~~~~~
win32.c:5049:1: warning: 'Perl_init_os_extras' redeclared without dllimport attribute: previous dllimport ignored [-Wattributes]
 5049 | Perl_init_os_extras(void)
      | ^~~~~~~~~~~~~~~~~~~
win32.c:5077:1: warning: 'win32_signal_context' redeclared without dllimport attribute: previous dllimport ignored [-Wattributes]
 5077 | win32_signal_context(void)
      | ^~~~~~~~~~~~~~~~~~~~
win32.c:5433:1: warning: 'Perl_win32_init' redeclared without dllimport attribute: previous dllimport ignored [-Wattributes]
 5433 | Perl_win32_init(int *argcp, char ***argvp)
      | ^~~~~~~~~~~~~~~
win32.c:5503:1: warning: 'Perl_win32_term' redeclared without dllimport attribute: previous dllimport ignored [-Wattributes]
 5503 | Perl_win32_term(void)
      | ^~~~~~~~~~~~~~~
win32.c:5522:1: warning: 'win32_get_child_IO' redeclared without dllimport attribute after being referenced with dll linkage
 5522 | win32_get_child_IO(child_IO_table* ptbl)
      | ^~~~~~~~~~~~~~~~~~
win32.c:5530:1: warning: 'win32_signal' redeclared without dllimport attribute: previous dllimport ignored [-Wattributes]
 5530 | win32_signal(int sig, Sighandler_t subcode)
      | ^~~~~~~~~~~~
win32.c:5657:1: warning: 'win32_create_message_window' redeclared without dllimport attribute after being referenced with dll linkage
 5657 | win32_create_message_window(void)
      | ^~~~~~~~~~~~~~~~~~~~~~~~~~~
win32.c:5684:1: warning: 'Perl_sys_intern_init' redeclared without dllimport attribute: previous dllimport ignored [-Wattributes]
 5684 | Perl_sys_intern_init(pTHX)
      | ^~~~~~~~~~~~~~~~~~~~
win32.c:5728:1: warning: 'Perl_sys_intern_clear' redeclared without dllimport attribute: previous dllimport ignored [-Wattributes]
 5728 | Perl_sys_intern_clear(pTHX)
      | ^~~~~~~~~~~~~~~~~~~~~
  Compiling win32/perllib.c ...
perllib.c:13:5: warning: 'RunPerl' redeclared without dllimport attribute: previous dllimport ignored [-Wattributes]
   13 | int RunPerl(int argc, char **argv, char **env);
      |     ^~~~~~~
In file included from D:/perl-xp/perl-5.40.3/lib/CORE/perl.h:6182,
                 from perllib.c:4:
perllib.c: In function 'main':
D:/perl-xp/perl-5.40.3/lib/CORE/win32iop.h:207:43: warning: 'win32_environ' redeclared without dllimport attribute: previous dllimport ignored [-Wattributes]
  207 | #define environ                         (*win32_environ())
      |                                           ^~~~~~~~~~~~~
perllib.c:52:19: note: in expansion of macro 'environ'
   52 |     extern char **environ;
      |                   ^~~~~~~
  SKIP win32/DynaLoader.c (not found)
  SKIP win32/Win32CORE.c (not found)
  Compiling win32/fcrypt.c ...
  Compiling win32/perlglob.c ...
  Compiling win32/runperl.c ...
  Compiling win32/staticlinkmodules.c ...
  Compiling win32/win32sck.c ...
D:/perl-xp/perl-5.40.3/win32/win32sck.c:709:1: warning: 'win32_ioctl' redeclared without dllimport attribute: previous dllimport ignored [-Wattributes]
  709 | win32_ioctl(int i, unsigned int u, char *data)
      | ^~~~~~~~~~~
  Compiling win32/win32thread.c ...
D:/perl-xp/perl-5.40.3/win32/win32thread.c:9:1: warning: 'Perl_set_context' redeclared without dllimport attribute: previous dllimport ignored [-Wattributes]
    9 | Perl_set_context(void *t)
      | ^~~~~~~~~~~~~~~~
D:/perl-xp/perl-5.40.3/win32/win32thread.c:24:1: warning: 'Perl_get_context' redeclared without dllimport attribute: previous dllimport ignored [-Wattributes]
   24 | Perl_get_context(void)
      | ^~~~~~~~~~~~~~~~
  Compiling win32/xs_init.c ...
win32 .o files done

=========================================
=== Step 3: Regenerate & compile XS extensions ===
=========================================
--- Building ext/Fcntl ---
  Fcntl.o done
--- Building dist/PathTools ---
  Cwd.o done
--- Building ext/POSIX ---
  POSIX.o done
--- Building dist/IO ---
  IO.o done
--- Building cpan/Socket ---
  const files: 2 files present
Please specify prototyping behavior for Socket.xs (see perlxs manual)
Socket.xs:503:10: fatal error: const-c.inc: No such file or directory
  503 | #include "const-c.inc"
      |          ^~~~~~~~~~~~~
compilation terminated.
